2024-11-03 21:26:33 [main] INFO  org.hibernate.Version - HHH000412: Hibernate ORM core version 6.2.4.Final
2024-11-03 21:26:33 [main] INFO  org.hibernate.cfg.Environment - HHH000406: Using bytecode reflection optimizer
2024-11-03 21:26:33 [main] INFO  com.zaxxer.hikari.HikariDataSource - HikariPool-1 - Starting...
2024-11-03 21:26:33 [main] INFO  com.zaxxer.hikari.pool.HikariPool - HikariPool-1 - Added connection org.postgresql.jdbc.PgConnection@25e2ab5a
2024-11-03 21:26:33 [main] INFO  com.zaxxer.hikari.HikariDataSource - HikariPool-1 - Start completed.
2024-11-03 21:26:33 [main] INFO  o.h.b.i.BytecodeProviderInitiator - HHH000021: Bytecode provider name : bytebuddy
2024-11-03 21:26:34 [main] INFO  dat.daos.impl.DoctorMockDAO - Created doctor with id: 1
2024-11-03 21:26:34 [main] INFO  dat.daos.impl.DoctorMockDAO - Created doctor with id: 2
2024-11-03 21:26:34 [main] INFO  dat.daos.impl.DoctorMockDAO - Created doctor with id: 3
2024-11-03 21:26:34 [main] INFO  dat.daos.impl.DoctorMockDAO - Created doctor with id: 4
2024-11-03 21:26:34 [main] INFO  dat.daos.impl.DoctorMockDAO - Created doctor with id: 5
2024-11-03 21:26:34 [main] INFO  dat.daos.impl.DoctorMockDAO - Created doctor with id: 6
2024-11-03 21:26:34 [main] INFO  dat.daos.impl.DoctorMockDAO - Created doctor with id: 7
2024-11-03 21:26:34 [main] INFO  dat.daos.impl.DoctorMockDAO - Successfully populated mock database with 7 doctors
2024-11-03 21:26:34 [main] INFO  io.javalin.Javalin - Starting Javalin ...
2024-11-03 21:26:34 [main] INFO  org.eclipse.jetty.server.Server - jetty-11.0.23; built: 2024-08-14T01:40:17.906Z; git: 6fcf5ccaebd7ca13a0cb96c96adca699a24080a0; jvm 17.0.10+7-LTS
2024-11-03 21:26:34 [main] INFO  o.e.j.s.s.DefaultSessionIdManager - Session workerName=node0
2024-11-03 21:26:34 [main] INFO  o.e.j.server.handler.ContextHandler - Started o.e.j.s.ServletContextHandler@6df791a4{/api,null,AVAILABLE}
2024-11-03 21:26:34 [main] INFO  o.e.jetty.server.AbstractConnector - Started ServerConnector@38de5daf{HTTP/1.1, (http/1.1)}{0.0.0.0:7070}
2024-11-03 21:26:34 [main] INFO  org.eclipse.jetty.server.Server - Started Server@684372d0{STARTING}[11.0.23,sto=0] @1242ms
2024-11-03 21:26:34 [main] INFO  io.javalin.Javalin - Javalin started in 65ms \o/
2024-11-03 21:26:34 [main] INFO  io.javalin.Javalin - Listening on http://localhost:7070/api
2024-11-03 21:26:34 [main] INFO  io.javalin.Javalin - You are running Javalin 6.3.0 (released August 22, 2024).
2024-11-03 21:39:09 [main] INFO  org.hibernate.Version - HHH000412: Hibernate ORM core version 6.2.4.Final
2024-11-03 21:39:09 [main] INFO  org.hibernate.cfg.Environment - HHH000406: Using bytecode reflection optimizer
2024-11-03 21:39:09 [main] INFO  com.zaxxer.hikari.HikariDataSource - HikariPool-1 - Starting...
2024-11-03 21:39:09 [main] INFO  com.zaxxer.hikari.pool.HikariPool - HikariPool-1 - Added connection org.postgresql.jdbc.PgConnection@2d96543c
2024-11-03 21:39:09 [main] INFO  com.zaxxer.hikari.HikariDataSource - HikariPool-1 - Start completed.
2024-11-03 21:39:09 [main] INFO  o.h.b.i.BytecodeProviderInitiator - HHH000021: Bytecode provider name : bytebuddy
2024-11-03 21:39:10 [main] INFO  dat.daos.impl.DoctorMockDAO - Created doctor with id: 1
2024-11-03 21:39:10 [main] INFO  dat.daos.impl.DoctorMockDAO - Created doctor with id: 2
2024-11-03 21:39:10 [main] INFO  dat.daos.impl.DoctorMockDAO - Created doctor with id: 3
2024-11-03 21:39:10 [main] INFO  dat.daos.impl.DoctorMockDAO - Created doctor with id: 4
2024-11-03 21:39:10 [main] INFO  dat.daos.impl.DoctorMockDAO - Created doctor with id: 5
2024-11-03 21:39:10 [main] INFO  dat.daos.impl.DoctorMockDAO - Created doctor with id: 6
2024-11-03 21:39:10 [main] INFO  dat.daos.impl.DoctorMockDAO - Created doctor with id: 7
2024-11-03 21:39:10 [main] INFO  dat.daos.impl.DoctorMockDAO - Successfully populated mock database with 7 doctors
2024-11-03 21:39:10 [main] INFO  io.javalin.Javalin - Starting Javalin ...
2024-11-03 21:39:10 [main] INFO  org.eclipse.jetty.server.Server - jetty-11.0.23; built: 2024-08-14T01:40:17.906Z; git: 6fcf5ccaebd7ca13a0cb96c96adca699a24080a0; jvm 17.0.10+7-LTS
2024-11-03 21:39:10 [main] INFO  o.e.j.s.s.DefaultSessionIdManager - Session workerName=node0
2024-11-03 21:39:10 [main] INFO  o.e.j.server.handler.ContextHandler - Started o.e.j.s.ServletContextHandler@c212536{/api,null,AVAILABLE}
2024-11-03 21:39:10 [main] INFO  o.e.jetty.server.AbstractConnector - Started ServerConnector@29bd85db{HTTP/1.1, (http/1.1)}{0.0.0.0:7070}
2024-11-03 21:39:10 [main] INFO  org.eclipse.jetty.server.Server - Started Server@6c8f4bc7{STARTING}[11.0.23,sto=0] @1139ms
2024-11-03 21:39:10 [main] INFO  io.javalin.Javalin - Javalin started in 54ms \o/
2024-11-03 21:39:10 [main] INFO  io.javalin.Javalin - Listening on http://localhost:7070/api
2024-11-03 21:39:10 [main] INFO  io.javalin.Javalin - You are running Javalin 6.3.0 (released August 22, 2024).
